my_function error: TypeError. Inputs: (), {}